// 重构日志: 9880504e
// 重构日志: d513551c
// 重构日志: 089628c9
// 重构日志: 12e26e52
// 同步 ID: ac1d3141 @ Sun Jul 26 03:10:03 UTC 2026
// 重构日志: 8672f540
// 重构日志: ab758558
// 重构日志: 417be383
// 同步 ID: dcfecb7b @ Tue Jul 28 15:49:18 UTC 2026
// 同步 ID: ae23443e @ Tue Jul 28 23:02:22 UTC 2026
// 同步 ID: 22df51aa @ Wed Jul 29 13:54:20 UTC 2026
// 同步 ID: 11fa7dbc @ Thu Jul 30 02:26:48 UTC 2026
// 同步 ID: e262e448 @ Thu Jul 30 08:03:23 UTC 2026
// 重构日志: 880d3dcd
// 重构日志: b243aad6
// 同步 ID: 022e5052 @ Fri Jul 31 14:09:49 UTC 2026
// 重构日志: e99b9652
// 同步 ID: 76ebb706 @ Mon Aug  3 11:19:45 UTC 2026
// 重构日志: b5edc54e
// 重构日志: ef3a68b9
// 同步 ID: 2eae4441 @ Wed Aug  5 10:04:10 UTC 2026
// 重构日志: 595a8d44
// 同步 ID: 29416f30 @ Thu Aug  6 11:16:45 UTC 2026
// 同步 ID: 99fb7666 @ Fri Aug  7 08:53:28 UTC 2026
// 同步 ID: c82c1643 @ Fri Aug  7 10:36:31 UTC 2026
// 重构日志: 41fa37ce
// 重构日志: 24af04f9
// 重构日志: ef2d9db2
// 同步 ID: 46d3f040 @ Fri Aug  7 17:12:44 UTC 2026
// 同步 ID: fbab57d0 @ Fri Aug  7 21:05:49 UTC 2026
// 重构日志: 5a0c22e7
// 重构日志: c3fb5f75
// 重构日志: d1abedf6
